

================================================================
== Synthesis Summary Report of 'gauss'
================================================================
+ General Information: 
    * Date:           Wed Nov  8 11:16:41 2023
    * Version:        2020.2 (Build 3064766 on Wed Nov 18 09:12:45 MST 2020)
    * Project:        gauss.prj
    * Solution:       solution1 (Vivado IP Flow Target)
    * Product family: virtexuplus
    * Target device:  xcu50-fsvh2104-2-e
    

+ Performance & Resource Estimates: 
    
    PS: '+' for module; 'o' for loop; '*' for dataflow
    +----------------------+------+-------+---------+-----------+----------+---------+------+----------+------+---------+------------+------------+-----+
    |        Modules       | Issue|       | Latency |  Latency  | Iteration|         | Trip |          |      |         |            |            |     |
    |        & Loops       | Type | Slack | (cycles)|    (ns)   |  Latency | Interval| Count| Pipelined| BRAM |   DSP   |     FF     |     LUT    | URAM|
    +----------------------+------+-------+---------+-----------+----------+---------+------+----------+------+---------+------------+------------+-----+
    |+ gauss               |     -|  -0.10|    53198|  1.782e+05|         -|    53199|     -|        no|     -|  5 (~0%)|  1385 (~0%)|  1402 (~0%)|    -|
    | o VITIS_LOOP_13_1    |     -|  -2.45|    49980|  1.674e+05|      3332|        -|    15|        no|     -|        -|           -|           -|    -|
    |  o VITIS_LOOP_15_2   |     -|  -2.45|     3330|  1.116e+04|       222|        -|    15|        no|     -|        -|           -|           -|    -|
    |   o VITIS_LOOP_18_3  |    II|  -2.45|      193|    646.550|        14|       12|    16|       yes|     -|        -|           -|           -|    -|
    | o VITIS_LOOP_30_4    |     -|  -2.45|     3216|  1.077e+04|       201|        -|    16|        no|     -|        -|           -|           -|    -|
    |  o VITIS_LOOP_33_5   |    II|  -2.45|      183|    613.050|        14|       12|    15|       yes|     -|        -|           -|           -|    -|
    +----------------------+------+-------+---------+-----------+----------+---------+------+----------+------+---------+------------+------------+-----+

